%!Adobe-FontList 1.14
%Locale:0x409

%BeginFont
Handler:DirectoryHandler
FontType:Type1
FontName:MyriadPro-It
FamilyName:Myriad Pro
StyleName:Italic
MenuName:Myriad Pro
StyleBits:1
WeightClass:400
WidthClass:5
AngleClass:1
FullName:Myriad Pro Italic
WritingScript:Roman
OutlineFileName:\MyriadPro-It.otf
DataFormat:sfntData
UsesStandardEncoding:yes
isCFF:yes
FileLength:105656
FileModTime:1385842659
DesignSize:110
%EndFont

%BeginFont
Handler:DirectoryHandler
FontType:Type1
FontName:MyriadPro-Semibold
FamilyName:Myriad Pro
StyleName:Semibold
MenuName:Myriad Pro Light
StyleBits:2
WeightClass:600
WidthClass:5
AngleClass:0
FullName:Myriad Pro Semibold
WritingScript:Roman
OutlineFileName:\MyriadPro-Semibold.otf
DataFormat:sfntData
UsesStandardEncoding:yes
isCFF:yes
FileLength:103564
FileModTime:1385842659
DesignSize:110
%EndFont

%BeginFont
Handler:DirectoryHandler
FontType:TrueType
FontName:Univers-Condensed
FamilyName:Univers 57 Condensed
StyleName:Regular
MenuName:Univers 57 Condensed
StyleBits:0
WeightClass:400
WidthClass:3
AngleClass:0
FullName:Univers 57 Condensed
WritingScript:Roman
OutlineFileName:\Univers 57 Condensed.ttf
DataFormat:sfntData
FileLength:74872
FileModTime:1386630092
%EndFont

